: ==== start ====
[root@west ikev2-04-basic-x509]# TESTNAME=ikev2-04-basic-x509
[root@west ikev2-04-basic-x509]# /testing/guestbin/swan-prep  --x509
Preparing X.509 NSS files
[root@west ikev2-04-basic-x509]# # confirm that the network is alive
[root@west ikev2-04-basic-x509]# ping -n -c 2 -I 192.0.1.254 192.0.2.254
PING 192.0.2.254 (192.0.2.254) from 192.0.1.254 : 56(84) bytes of data.
64 bytes from 192.0.2.254: icmp_req=1 ttl=64 time=0.XXX ms
64 bytes from 192.0.2.254: icmp_req=2 ttl=64 time=0.XXX ms

--- 192.0.2.254 ping statistics ---
2 packets transmitted, 2 received, 0% packet loss, time XXXX
rtt min/avg/max/mdev = 0.XXX/0.XXX/0.XXX/0.XXX ms
[root@west ikev2-04-basic-x509]# # make sure that clear text does not get through
[root@west ikev2-04-basic-x509]# iptables -A INPUT -i eth1 -s 192.0.2.0/24 -j DROP
[root@west ikev2-04-basic-x509]# # confirm with a ping to east-in
[root@west ikev2-04-basic-x509]# ping -n -c 1 -I 192.0.1.254 192.0.2.254
PING 192.0.2.254 (192.0.2.254) from 192.0.1.254 : 56(84) bytes of data.

--- 192.0.2.254 ping statistics ---
1 packets transmitted, 0 received, 100% packet loss, time XXXX

[root@west ikev2-04-basic-x509]# ipsec setup start
[ 00.00] NET: Registered protocol family 15
Redirecting to: systemctl start ipsec.service
[root@west ikev2-04-basic-x509]# /testing/pluto/bin/wait-until-pluto-started
[ 00.00] alg: No test for cipher_null (cipher_null-generic)
[ 00.00] alg: No test for ecb(cipher_null) (ecb-cipher_null)
[ 00.00] alg: No test for compress_null (compress_null-generic)
[ 00.00] alg: No test for digest_null (digest_null-generic)
[root@west ikev2-04-basic-x509]# ipsec whack --whackrecord /var/tmp/ikev2.record
[root@west ikev2-04-basic-x509]# ipsec auto --add westnet-eastnet-ikev2
[root@west ikev2-04-basic-x509]# ipsec auto --status
000 using kernel interface: netkey
000 interface lo/lo ::1
000 interface eth2/eth2 2001:db8:9:4::45
000 interface eth1/eth1 2001:db8:1:2::45
000 interface eth0/eth0 2001:db8:0:1::254
000 interface lo/lo 127.0.0.1
000 interface lo/lo 127.0.0.1
000 interface eth0/eth0 192.0.1.254
000 interface eth0/eth0 192.0.1.254
000 interface eth1/eth1 192.1.2.45
000 interface eth1/eth1 192.1.2.45
000 interface eth2/eth2 192.9.4.45
000 interface eth2/eth2 192.9.4.45
000 %myid = (none)
000 debug raw+crypt+parsing+emitting+control+lifecycle+klips+dns+oppo+controlmore+pfkey+nattraversal+x509+dpd+oppoinfo
000  
000 virtual_private (%priv):
000 - allowed 3 subnets: 10.0.0.0/8, 192.168.0.0/16, 172.16.0.0/12
000 - disallowed 2 subnets: 192.0.1.0/24, 2001:db8:0:1::/64
000  
000 algorithm ESP encrypt: id=2, name=ESP_DES, ivlen=8, keysizemin=64, keysizemax=64
000 algorithm ESP encrypt: id=3, name=ESP_3DES, ivlen=8, keysizemin=192, keysizemax=192
000 algorithm ESP encrypt: id=6, name=ESP_CAST, ivlen=8, keysizemin=40, keysizemax=128
000 algorithm ESP encrypt: id=7, name=ESP_BLOWFISH, ivlen=8, keysizemin=40, keysizemax=448
000 algorithm ESP encrypt: id=11, name=ESP_NULL, ivlen=0, keysizemin=0, keysizemax=0
000 algorithm ESP encrypt: id=12, name=ESP_AES, ivlen=8, keysizemin=128, keysizemax=256
000 algorithm ESP encrypt: id=13, name=ESP_AES_CTR, ivlen=8, keysizemin=160, keysizemax=288
000 algorithm ESP encrypt: id=14, name=ESP_AES_CCM_A, ivlen=8, keysizemin=128, keysizemax=256
000 algorithm ESP encrypt: id=15, name=ESP_AES_CCM_B, ivlen=8, keysizemin=128, keysizemax=256
000 algorithm ESP encrypt: id=16, name=ESP_AES_CCM_C, ivlen=8, keysizemin=128, keysizemax=256
000 algorithm ESP encrypt: id=18, name=ESP_AES_GCM_A, ivlen=8, keysizemin=160, keysizemax=288
000 algorithm ESP encrypt: id=19, name=ESP_AES_GCM_B, ivlen=12, keysizemin=160, keysizemax=288
000 algorithm ESP encrypt: id=20, name=ESP_AES_GCM_C, ivlen=16, keysizemin=160, keysizemax=288
000 algorithm ESP encrypt: id=22, name=ESP_CAMELLIA, ivlen=8, keysizemin=128, keysizemax=256
000 algorithm ESP encrypt: id=252, name=ESP_SERPENT, ivlen=8, keysizemin=128, keysizemax=256
000 algorithm ESP encrypt: id=253, name=ESP_TWOFISH, ivlen=8, keysizemin=128, keysizemax=256
000 algorithm ESP auth attr: id=1, name=AUTH_ALGORITHM_HMAC_MD5, keysizemin=128, keysizemax=128
000 algorithm ESP auth attr: id=2, name=AUTH_ALGORITHM_HMAC_SHA1, keysizemin=160, keysizemax=160
000 algorithm ESP auth attr: id=5, name=AUTH_ALGORITHM_HMAC_SHA2_256, keysizemin=256, keysizemax=256
000 algorithm ESP auth attr: id=6, name=AUTH_ALGORITHM_HMAC_SHA2_384, keysizemin=384, keysizemax=384
000 algorithm ESP auth attr: id=7, name=AUTH_ALGORITHM_HMAC_SHA2_512, keysizemin=512, keysizemax=512
000 algorithm ESP auth attr: id=8, name=AUTH_ALGORITHM_HMAC_RIPEMD, keysizemin=160, keysizemax=160
000 algorithm ESP auth attr: id=9, name=AUTH_ALGORITHM_AES_CBC, keysizemin=128, keysizemax=128
000 algorithm ESP auth attr: id=251, name=AUTH_ALGORITHM_NULL_KAME, keysizemin=0, keysizemax=0
000  
000 algorithm IKE encrypt: id=0, name=(null), blocksize=16, keydeflen=131
000 algorithm IKE encrypt: id=5, name=OAKLEY_3DES_CBC, blocksize=8, keydeflen=192
000 algorithm IKE encrypt: id=7, name=OAKLEY_AES_CBC, blocksize=16, keydeflen=128
000 algorithm IKE hash: id=1, name=OAKLEY_MD5, hashsize=16
000 algorithm IKE hash: id=2, name=OAKLEY_SHA1, hashsize=20
000 algorithm IKE hash: id=4, name=OAKLEY_SHA2_256, hashsize=32
000 algorithm IKE hash: id=5, name=OAKLEY_SHA2_384, hashsize=48
000 algorithm IKE hash: id=6, name=OAKLEY_SHA2_512, hashsize=64
000 algorithm IKE dh group: id=2, name=OAKLEY_GROUP_MODP1024, bits=1024
000 algorithm IKE dh group: id=5, name=OAKLEY_GROUP_MODP1536, bits=1536
000 algorithm IKE dh group: id=14, name=OAKLEY_GROUP_MODP2048, bits=2048
000 algorithm IKE dh group: id=15, name=OAKLEY_GROUP_MODP3072, bits=3072
000 algorithm IKE dh group: id=16, name=OAKLEY_GROUP_MODP4096, bits=4096
000 algorithm IKE dh group: id=17, name=OAKLEY_GROUP_MODP6144, bits=6144
000 algorithm IKE dh group: id=18, name=OAKLEY_GROUP_MODP8192, bits=8192
000 algorithm IKE dh group: id=22, name=OAKLEY_GROUP_DH22, bits=1024
000 algorithm IKE dh group: id=23, name=OAKLEY_GROUP_DH23, bits=2048
000 algorithm IKE dh group: id=24, name=OAKLEY_GROUP_DH24, bits=2048
000  
000 stats db_ops: {curr_cnt, total_cnt, maxsz} :context={0,0,0} trans={0,0,0} attrs={0,0,0} 
000  
000 "westnet-eastnet-ikev2": 192.1.2.45<192.1.2.45>[C=ca, ST=Ontario, O=Libreswan, OU=Test Department, CN=west.testing.libreswan.org, E=testing@libreswan.org]...192.1.2.23<192.1.2.23>[C=ca, ST=Ontario, O=Libreswan, OU=Test Department, CN=east.testing.libreswan.org, E=testing@libreswan.org]; unrouted; eroute owner: #0
000 "westnet-eastnet-ikev2":     oriented; my_ip=unset; their_ip=unset; mycert=west; hiscert=east;
000 "westnet-eastnet-ikev2":   xauth info: us:none, them:none,  my_xauthuser=[any]; their_xauthuser=[any]; ;
000 "westnet-eastnet-ikev2":   modecfg info: us:none, them:none, modecfg policy:push, dns1:unset, dns2:unset;
000 "westnet-eastnet-ikev2":   CAs: 'C=ca, ST=Ontario, L=Toronto, O=Libreswan, OU=Test Department, CN=Libreswan test CA for mainca, E=testing@libreswan.org'...'C=ca, ST=Ontario, L=Toronto, O=Libreswan, OU=Test Department, CN=Libreswan test CA for mainca, E=testing@libreswan.org'
000 "westnet-eastnet-ikev2":   ike_life: 3600s; ipsec_life: 28800s; rekey_margin: 540s; rekey_fuzz: 100%; keyingtries: 0; sha2_truncbug:no; initial_contact:no;
000 "westnet-eastnet-ikev2":   policy: RSASIG+ENCRYPT+TUNNEL+PFS+!IKEv1+IKEv2ALLOW+IKEv2Init+SAREFTRACK+IKE_FRAG; 
000 "westnet-eastnet-ikev2":   prio: 32,32; interface: eth1; metric: 0, mtu: unset;
000 "westnet-eastnet-ikev2":   dpd: action:clear; delay:0; timeout:0; nat-t: force_encaps:no; nat_keepalive:yes;
000 "westnet-eastnet-ikev2":   newest ISAKMP SA: #0; newest IPsec SA: #0; 
000  
000 Total IPsec connections: loaded 1, active 0
000  
000  
[root@west ikev2-04-basic-x509]# ipsec whack --debug-control --debug-controlmore --debug-parsing --debug-crypt
[root@west ikev2-04-basic-x509]# echo done
done
[root@west ikev2-04-basic-x509]# ipsec auto --up  westnet-eastnet-ikev2
133 "westnet-eastnet-ikev2" #1: STATE_PARENT_I1: initiate
133 "westnet-eastnet-ikev2" #1: STATE_PARENT_I1: sent v2I1, expected v2R1
134 "westnet-eastnet-ikev2" #2: STATE_PARENT_I2: sent v2I2, expected v2R2 {auth=IKEv2 cipher=aes_128 integ=sha1_96 prf=oakley_sha group=modp2048}
004 "westnet-eastnet-ikev2" #2: STATE_PARENT_I3: PARENT SA established tunnel mode
[root@west ikev2-04-basic-x509]# ping -n -c 2 -I 192.0.1.254 192.0.2.254
PING 192.0.2.254 (192.0.2.254) from 192.0.1.254 : 56(84) bytes of data.

--- 192.0.2.254 ping statistics ---
2 packets transmitted, 0 received, 100% packet loss, time XXXX

[root@west ikev2-04-basic-x509]# echo done
done
west Thu Apr 11 17:27:48 EDT 2013
XFRM state:
src 192.1.2.23 dst 192.1.2.45
	proto esp spi 0x5a19ded8 reqid 16385 mode tunnel
	replay-window 32 flag af-unspec
	auth-trunc hmac(sha1) 0x51c1ad2aa53136e15e573a2320d62662e5152464 96
	enc cbc(aes) 0x6bf1a0bd38ff2be1137944ca01e7fb04
src 192.1.2.45 dst 192.1.2.23
	proto esp spi 0x96a90aee reqid 16385 mode tunnel
	replay-window 32 flag af-unspec
	auth-trunc hmac(sha1) 0xf7cbac25ffdfb230530c611e64e5d4cf19498c60 96
	enc cbc(aes) 0x78f4d8d734a72b1c0f112506182c5507
XFRM policy:
src 192.1.2.45/32 dst 192.1.2.23/32 
	dir out priority 2080 ptype main 
	tmpl src 192.1.2.45 dst 192.1.2.23
		proto esp reqid 16385 mode tunnel
src 192.1.2.23/32 dst 192.1.2.45/32 
	dir fwd priority 2080 ptype main 
	tmpl src 192.1.2.23 dst 192.1.2.45
		proto esp reqid 16385 mode tunnel
src 192.1.2.23/32 dst 192.1.2.45/32 
	dir in priority 2080 ptype main 
	tmpl src 192.1.2.23 dst 192.1.2.45
		proto esp reqid 16385 mode tunnel
src ::/0 dst ::/0 
	socket out priority 0 ptype main 
src ::/0 dst ::/0 
	socket in priority 0 ptype main 
src ::/0 dst ::/0 
	socket out priority 0 ptype main 
src ::/0 dst ::/0 
	socket in priority 0 ptype main 
src ::/0 dst ::/0 
	socket out priority 0 ptype main 
src ::/0 dst ::/0 
	socket in priority 0 ptype main 
src ::/0 dst ::/0 
	socket out priority 0 ptype main 
src ::/0 dst ::/0 
	socket in priority 0 ptype main 
src 0.0.0.0/0 dst 0.0.0.0/0 
	socket out priority 0 ptype main 
src 0.0.0.0/0 dst 0.0.0.0/0 
	socket in priority 0 ptype main 
src 0.0.0.0/0 dst 0.0.0.0/0 
	socket out priority 0 ptype main 
src 0.0.0.0/0 dst 0.0.0.0/0 
	socket in priority 0 ptype main 
src 0.0.0.0/0 dst 0.0.0.0/0 
	socket out priority 0 ptype main 
src 0.0.0.0/0 dst 0.0.0.0/0 
	socket in priority 0 ptype main 
src 0.0.0.0/0 dst 0.0.0.0/0 
	socket out priority 0 ptype main 
src 0.0.0.0/0 dst 0.0.0.0/0 
	socket in priority 0 ptype main 
src 0.0.0.0/0 dst 0.0.0.0/0 
	socket out priority 0 ptype main 
src 0.0.0.0/0 dst 0.0.0.0/0 
	socket in priority 0 ptype main 
src 0.0.0.0/0 dst 0.0.0.0/0 
	socket out priority 0 ptype main 
src 0.0.0.0/0 dst 0.0.0.0/0 
	socket in priority 0 ptype main 
src 0.0.0.0/0 dst 0.0.0.0/0 
	socket out priority 0 ptype main 
src 0.0.0.0/0 dst 0.0.0.0/0 
	socket in priority 0 ptype main 
src 0.0.0.0/0 dst 0.0.0.0/0 
	socket out priority 0 ptype main 
src 0.0.0.0/0 dst 0.0.0.0/0 
	socket in priority 0 ptype main 
XFRM done
IPSEC mangle TABLES
iptables: No chain/target/match by that name.
ip6tables: No chain/target/match by that name.
NEW_IPSEC_CONN mangle TABLES
iptables: No chain/target/match by that name.
ip6tables: No chain/target/match by that name.
ROUTING TABLES
default via 192.1.2.254 dev eth1 
169.254.0.0/16 dev eth0  scope link  metric 1002 
169.254.0.0/16 dev eth1  scope link  metric 1003 
169.254.0.0/16 dev eth2  scope link  metric 1004 
192.0.1.0/24 dev eth0  proto kernel  scope link  src 192.0.1.254 
192.0.2.0/24 via 192.1.2.23 dev eth1 
192.1.2.0/24 dev eth1  proto kernel  scope link  src 192.1.2.45 
192.9.4.0/24 dev eth2  proto kernel  scope link  src 192.9.4.45 
unreachable ::/96 dev lo  metric 1024  error -101
unreachable ::ffff:0.0.0.0/96 dev lo  metric 1024  error -101
2001:db8:0:1::/64 dev eth0  proto kernel  metric 256 
2001:db8::/48 via 2001:db8:1:2::23 dev eth1  metric 1024 
2001:db8:1:2::/64 dev eth1  proto kernel  metric 256 
2001:db8:9:4::/64 dev eth2  proto kernel  metric 256 
unreachable 2002:a00::/24 dev lo  metric 1024  error -101
unreachable 2002:7f00::/24 dev lo  metric 1024  error -101
unreachable 2002:a9fe::/32 dev lo  metric 1024  error -101
unreachable 2002:ac10::/28 dev lo  metric 1024  error -101
unreachable 2002:c0a8::/32 dev lo  metric 1024  error -101
unreachable 2002:e000::/19 dev lo  metric 1024  error -101
unreachable 3ffe:ffff::/32 dev lo  metric 1024  error -101
fe80::/64 dev eth0  proto kernel  metric 256 
fe80::/64 dev eth1  proto kernel  metric 256 
fe80::/64 dev eth2  proto kernel  metric 256 
default via 2001:db8:1:2::254 dev eth1  metric 1 
default via 2001:db8:1:2::254 dev eth1  metric 1024 
NSS_CERTIFICATES

Certificate Nickname                                         Trust Attributes
                                                             SSL,S/MIME,JAR/XPI

mainca                                                       ,,   
east                                                         P,,  
road                                                         P,,  
west                                                         Pu,u,u
[root@west ikev2-04-basic-x509]# if [ -f /tmp/core* ]; then echo CORE FOUND; mv /tmp/core* .; fi

